
> starter_helpi@0.1.0 test
> react-scripts test --coverage

  console.log
    [Function: bound dispatchSetState]

      at Home (src/pages/home.tsx:18:11)

FAIL src/App.test.tsx
  ✕ renders learn react link (60 ms)

  ● renders learn react link

    TestingLibraryElementError: Unable to find an element with the text: /learn react/i. This could be because the text is broken up by multiple elements. In this case, you can provide a function for your text matcher to make your matcher more flexible.

    Ignored nodes: comments, script, style
    [36m<body>[39m
      [36m<div>[39m
        [36m<div[39m
          [33mclass[39m=[32m"App"[39m
        [36m>[39m
          [36m<div>[39m
            [36m<h1[39m
              [33mclass[39m=[32m"pb-3"[39m
            [36m>[39m
              [0mOur Title[0m
            [36m</h1>[39m
            [36m<div[39m
              [33mclass[39m=[32m"w-50 mx-auto"[39m
            [36m>[39m
              [36m<p>[39m
                [0mLorem ipsum dolor sit amet, consectetur adipiscing elit. Vestibulum sed ligula nec ante vehicula dignissim vel nec ex. Sed condimentum metus vitae elit condimentum, sed hendrerit libero sodales. Integer eget arcu id ligula fringilla ullamcorper. Sed in magna nec metus viverra accumsan. Integer in augue a ligula congue eleifend non sed nulla. Pellentesque habitant morbi tristique senectus et netus et malesuada fames ac turpis egestas. Nulla facilisi. Nullam ut lorem sapien. Nunc accumsan purus id tortor gravida, ut consequat quam feugiat. Sed consectetur, lorem vitae condimentum congue, nisl nulla suscipit urna, non fermentum mauris sapien non nisi. Curabitur bibendum ipsum vitae lectus sollicitudin, nec ultrices elit sodales. Nunc id elit eget tortor malesuada malesuada. Sed euismod purus nec justo vulputate, ut lacinia dui dignissim. Etiam in velit nec est scelerisque ultrices. Sed dignissim velit non tincidunt posuere.[0m
              [36m</p>[39m
            [36m</div>[39m
          [36m</div>[39m
          [36m<button[39m
            [33mclass[39m=[32m"btn btn-primary"[39m
            [33mtype[39m=[32m"button"[39m
          [36m>[39m
            [0mBasic Questions[0m
          [36m</button>[39m
          [36m<button[39m
            [33mclass[39m=[32m"btn btn-primary"[39m
            [33mtype[39m=[32m"button"[39m
          [36m>[39m
            [0mDetailed Questions[0m
          [36m</button>[39m
          [36m<form[39m
            [33mclass[39m=[32m""[39m
          [36m>[39m
            [36m<label[39m
              [33mclass[39m=[32m"form-label"[39m
            [36m>[39m
              [0mAPI Key:[0m
            [36m</label>[39m
            [36m<input[39m
              [33mclass[39m=[32m"form-control"[39m
              [33mplaceholder[39m=[32m"Insert API Key Here"[39m
              [33mtype[39m=[32m"password"[39m
            [36m/>[39m
            [36m<br />[39m
            [36m<button[39m
              [33mclass[39m=[32m"Submit-Button btn btn-primary"[39m
              [33mtype[39m=[32m"button"[39m
            [36m>[39m
              [0mSubmit[0m
            [36m</button>[39m
          [36m</form>[39m
        [36m</div>[39m
      [36m</div>[39m
    [36m</body>[39m

       5 | test('renders learn react link', () => {
       6 |   render(<App />);
    >  7 |   const linkElement = screen.getByText(/learn react/i);
         |                              ^
       8 |   expect(linkElement).toBeInTheDocument();
       9 | });
      10 |

      at Object.getElementError (node_modules/@testing-library/react/node_modules/@testing-library/dom/dist/config.js:37:19)
      at node_modules/@testing-library/react/node_modules/@testing-library/dom/dist/query-helpers.js:76:38
      at node_modules/@testing-library/react/node_modules/@testing-library/dom/dist/query-helpers.js:52:17
      at getByText (node_modules/@testing-library/react/node_modules/@testing-library/dom/dist/query-helpers.js:95:19)
      at Object.<anonymous> (src/App.test.tsx:7:30)
      at TestScheduler.scheduleTests (node_modules/@jest/core/build/TestScheduler.js:333:13)
      at runJest (node_modules/@jest/core/build/runJest.js:404:19)
      at _run10000 (node_modules/@jest/core/build/cli/index.js:320:7)
      at runCLI (node_modules/@jest/core/build/cli/index.js:173:3)

-------------------------|---------|----------|---------|---------|-------------------
File                     | % Stmts | % Branch | % Funcs | % Lines | Uncovered Line #s 
-------------------------|---------|----------|---------|---------|-------------------
All files                |   34.61 |       25 |      25 |   34.61 |                   
 src                     |    8.33 |        0 |   33.33 |    8.33 |                   
  App.tsx                |     100 |      100 |     100 |     100 |                   
  index.tsx              |       0 |      100 |     100 |       0 | 7-19              
  reportWebVitals.ts     |       0 |        0 |       0 |       0 | 3-10              
 src/pages               |   57.14 |       50 |      20 |   57.14 |                   
  basic-questions.tsx    |       0 |      100 |       0 |       0 | 8                 
  detailed-questions.tsx |       0 |      100 |       0 |       0 | 7                 
  home.tsx               |   66.66 |       50 |   33.33 |   66.66 | 12,22-28          
-------------------------|---------|----------|---------|---------|-------------------
Test Suites: 1 failed, 1 total
Tests:       1 failed, 1 total
Snapshots:   0 total
Time:        2.789 s
Ran all test suites.
[0;33mOne of your dependencies, babel-preset-react-app, is importing the
"@babel/plugin-proposal-private-property-in-object" package without
declaring it in its dependencies. This is currently working because
"@babel/plugin-proposal-private-property-in-object" is already in your
node_modules folder for unrelated reasons, but it [1mmay break at any time[0;33m.

babel-preset-react-app is part of the create-react-app project, [1mwhich
is not maintianed anymore[0;33m. It is thus unlikely that this bug will
ever be fixed. Add "@babel/plugin-proposal-private-property-in-object" to
your devDependencies to work around this error. This will make this message
go away.[0m
  
